// Jest Snapshot v1, https://goo.gl/fbAQLP

exports[`Hook: useSiteMetadata returns the site metadata 1`] = `
Object {
  "current": Object {
    "author": "Christopher Servius",
    "description": "Une description.",
    "keywords": Array [
      "some",
      "keywords",
    ],
    "title": "Site Title",
  },
  "error": undefined,
}
`;
